// Jest Snapshot v1, https://goo.gl/fbAQLP

exports[`<RadioInput /> renders children correctly 1`] = `
<label
  className="talixo-radio-input"
>
  <input
    className="talixo-radio-input__input"
    disabled={false}
    onChange={[Function]}
    type="radio"
  />
  <span />
</label>
`;
