// Jest Snapshot v1, https://goo.gl/fbAQLP

exports[`<Slider /> renders children correctly 1`] = `
<span
  className="talixo-slider"
>
  <span
    className="talixo-slider__value"
  />
  <input
    className="talixo-slider__input"
    onChange={[Function]}
    type="range"
  />
</span>
`;
