// Jest Snapshot v1, https://goo.gl/fbAQLP

exports[`<Maps /> renders children correctly 1`] = `<DefaultLoadingContainer />`;
