// Jest Snapshot v1, https://goo.gl/fbAQLP

exports[`<InlineInput /> renders correctly 1`] = `
<div
  className="talixo-inline-input"
>
  <span
    className="talixo-inline-input__span"
    onClick={[Function]}
  />
</div>
`;
