// Jest Snapshot v1, https://goo.gl/fbAQLP

exports[`<TextInput /> should render properly 1`] = `
<div
  className="talixo-text-input__wrapper talixo-text-input__wrapper--empty"
>
  <input
    className="talixo-text-input"
    onChange={[Function]}
    style={null}
    type="text"
  />
</div>
`;
