// Jest Snapshot v1, https://goo.gl/fbAQLP

exports[`<TimelineLine /> renders children correctly 1`] = `
<div
  className="talixo-timeline-point"
/>
`;
