// Jest Snapshot v1, https://goo.gl/fbAQLP

exports[`<Timeline /> renders children correctly 1`] = `
<span
  className="talixo-timeline"
/>
`;
