// Jest Snapshot v1, https://goo.gl/fbAQLP

exports[`<FormHandler /> rendering renders children correctly 1`] = `
<form
  errors={Object {}}
  method="POST"
  onSubmit={[Function]}
>
  <br
    key=".0"
  />
  <div
    className="talixo-form-field talixo-form-field--blur"
    name="test"
  >
    <div
      className="talixo-form-field__input-wrapper"
    >
      <div
        className="talixo-text-input talixo-form-field__input talixo-text-input--empty"
      >
        <input
          className="talixo-text-input__input"
          id="form_field_1"
          onBlur={[Function]}
          onChange={[Function]}
          onFocus={[Function]}
          style={null}
          type="text"
        />
      </div>
    </div>
  </div>
  <div
    key=".2"
  >
    <div
      className="talixo-form-field talixo-form-field--blur"
      name="test2"
    >
      <div
        className="talixo-form-field__input-wrapper"
      >
        <div
          className="talixo-text-input talixo-form-field__input talixo-text-input--empty"
        >
          <input
            className="talixo-text-input__input"
            id="form_field_2"
            onBlur={[Function]}
            onChange={[Function]}
            onFocus={[Function]}
            style={null}
            type="text"
          />
        </div>
      </div>
    </div>
  </div>
  <div
    className="talixo-form-field talixo-form-field--blur"
  >
    <div
      className="talixo-form-field__input-wrapper"
    >
      <div
        className="talixo-text-input talixo-form-field__input talixo-text-input--empty"
      >
        <input
          className="talixo-text-input__input"
          id="form_field_3"
          onBlur={[Function]}
          onChange={[Function]}
          onFocus={[Function]}
          style={null}
          type="text"
        />
      </div>
    </div>
  </div>
  <button
    className="talixo-button"
    disabled={false}
    type="submit"
  >
    Test
  </button>
</form>
`;
