// Jest Snapshot v1, https://goo.gl/fbAQLP

exports[`<ItemAddress /> renders correctly 1`] = `
<div
  className="talixo-item-address"
>
  <i
    className="material-icons talixo-item-address__icon"
  >
    credit_card
  </i>
  <span
    className="talixo-item-address__place"
  >
    Hotel
  </span>
  <span
    className="talixo-item-address__address"
  >
    Berlin
  </span>
</div>
`;
