// Jest Snapshot v1, https://goo.gl/fbAQLP

exports[`<ModalFooter /> renders children correctly 1`] = `
<footer
  className="talixo-modal-footer"
>
  Blabla
</footer>
`;
