// Jest Snapshot v1, https://goo.gl/fbAQLP

exports[`<Step /> renders correctly 1`] = `
<Tooltip
  arrow={true}
  fade={false}
  position="top"
  render={[Function]}
  triggerOn="hover"
>
  <li
    className="talixo-navigation__step"
  />
</Tooltip>
`;
