// Jest Snapshot v1, https://goo.gl/fbAQLP

exports[`<Icon /> renders Material icon correctly 1`] = `
<span
  aria-hidden="true"
  className="talixo-icon tai tai-affiliate"
/>
`;
