// Jest Snapshot v1, https://goo.gl/fbAQLP

exports[`<Countdown /> renders children correctly 1`] = `
<React.Fragment>
  <span
    className="talixo-countdown"
  >
    <span
      className="talixo-countdown talixo-countdown--days"
    >
      11
       
    </span>
    : 
    <span
      className="talixo-countdown talixo-countdown--hours"
    >
      13
       
    </span>
    : 
    <span
      className="talixo-countdown talixo-countdown--minutes"
    >
      46
       
    </span>
    : 
    <span
      className="talixo-countdown talixo-countdown--seconds"
    >
      39
       
    </span>
  </span>
</React.Fragment>
`;
