// Jest Snapshot v1, https://goo.gl/fbAQLP

exports[`<ComboBoxValue /> should render correctly 1`] = `
<button
  className="talixo-combo-box__value talixo-combo-box__value--placeholder"
>
  <div
    className="talixo-combo-box__inner"
  >
    <input />
  </div>
  <div
    className="talixo-combo-box__controls"
  >
    <span
      className="talixo-combo-box__arrow"
    >
      <Icon
        name="expand_more"
      />
    </span>
  </div>
</button>
`;
