// Jest Snapshot v1, https://goo.gl/fbAQLP

exports[`<Menu /> renders correctly 1`] = `
<div
  className="talixo-combo-box__options"
>
  <div
    className="talixo-combo-box__item"
    item={1}
    key="1"
  >
    1
  </div>
  <div
    className="talixo-combo-box__item"
    item={3}
    key="3"
  >
    3
  </div>
  <div
    className="talixo-combo-box__item"
    item={5}
    key="5"
  >
    5
  </div>
</div>
`;

exports[`<Menu /> renders item component correctly 1`] = `
<div
  className="talixo-combo-box__options"
>
  <div
    className="talixo-combo-box__item talixo-combo-box__item--overflow-break"
    item={
      Object {
        "value": 1,
      }
    }
    key="0"
  >
    <div>
      <span>
        1
      </span>
    </div>
  </div>
  <div
    className="talixo-combo-box__item talixo-combo-box__item--overflow-break"
    item={
      Object {
        "value": 3,
      }
    }
    key="1"
  >
    <div>
      <span>
        3
      </span>
    </div>
  </div>
  <div
    className="talixo-combo-box__item talixo-combo-box__item--overflow-break"
    item={
      Object {
        "value": 5,
      }
    }
    key="2"
  >
    <div>
      <span>
        5
      </span>
    </div>
  </div>
</div>
`;
