// Jest Snapshot v1, https://goo.gl/fbAQLP

exports[`<TagsList /> should render correctly 1`] = `
<div
  className="talixo-combo-box__tags"
/>
`;
