// Jest Snapshot v1, https://goo.gl/fbAQLP

exports[`<ItemList> should render properly 1`] = `
<div
  className="talixo-split-view__list"
>
  <Item
    active={true}
    item={
      Object {
        "name": "Josh Smith I",
        "subtitle": "Subtitle 1",
        "title": "Title 1",
        "value": 0,
      }
    }
    itemRender={[Function]}
    key="0"
  />
  <Item
    active={false}
    item={
      Object {
        "name": "Josh Smith II",
        "subtitle": "Subtitle 2",
        "title": "Title 2",
        "value": 11,
      }
    }
    itemRender={[Function]}
    key="1"
  />
  <Item
    active={false}
    item={
      Object {
        "name": "Josh Smith III",
        "subtitle": "Subtitle 3",
        "title": "Title 3",
        "value": 22,
      }
    }
    itemRender={[Function]}
    key="2"
  />
  <Item
    active={false}
    item={
      Object {
        "name": "Josh Smith IV",
        "subtitle": "Subtitle 4",
        "title": "Title 4",
        "value": 33,
      }
    }
    itemRender={[Function]}
    key="3"
  />
  <Item
    active={false}
    item={
      Object {
        "name": "Josh Smith V",
        "subtitle": "Subtitle 5",
        "title": "Title 5",
        "value": 44,
      }
    }
    itemRender={[Function]}
    key="4"
  />
</div>
`;
