// Jest Snapshot v1, https://goo.gl/fbAQLP

exports[`<DetailsView> when rendered renders children correctly 1`] = `
<div
  className="talixo-split-view"
>
  <div
    className="talixo-split-view__side-panel"
  >
    <ItemList
      items={
        Array [
          Object {
            "name": "Josh Smith I",
            "subtitle": "Subtitle 1",
            "title": "Title 1",
            "value": 0,
          },
          Object {
            "name": "Josh Smith II",
            "subtitle": "Subtitle 2",
            "title": "Title 2",
            "value": 11,
          },
          Object {
            "name": "Josh Smith III",
            "subtitle": "Subtitle 3",
            "title": "Title 3",
            "value": 22,
          },
          Object {
            "name": "Josh Smith IV",
            "subtitle": "Subtitle 4",
            "title": "Title 4",
            "value": 33,
          },
          Object {
            "name": "Josh Smith V",
            "subtitle": "Subtitle 5",
            "title": "Title 5",
            "value": 44,
          },
        ]
      }
      onClick={[Function]}
      openedItem={
        Object {
          "name": "Josh Smith I",
          "subtitle": "Subtitle 1",
          "title": "Title 1",
          "value": 0,
        }
      }
    />
  </div>
  <DetailsView
    openedItem={
      Object {
        "name": "Josh Smith I",
        "subtitle": "Subtitle 1",
        "title": "Title 1",
        "value": 0,
      }
    }
    renderDetails={[Function]}
  />
</div>
`;
