// Jest Snapshot v1, https://goo.gl/fbAQLP

exports[`<ImageInput /> renders children correctly 1`] = `
<div
  className="talixo-image-input"
>
  <input
    className="talixo-image-input__input"
    onChange={[Function]}
    type="file"
  />
  <Button
    fluid={false}
    ghost={false}
    onClick={[Function]}
    small={false}
  />
</div>
`;
